// Jest Snapshot v1, https://goo.gl/fbAQLP

exports[`Renders Table  - First Row Task 1`] = `
<li
  class="list-group-item"
  data-testid="list"
>
  Manger!
  <span
    class="forme"
    data-testid="deleteTask"
    role="button"
    style="padding: 5px; margin-left: 20px; font-size: 20px;"
  >
    <input
      data-testid="x"
      type="checkbox"
    />
  </span>
</li>
`;
